mongo-w1        rate=0.16  trial 1: acked in window 2/2, LOST 2, rolled back 2, final 465/467, last attempt ends 6.256 s, kill at 8.0 s
mongo-w1        rate=0.16  trial 2: acked in window 2/2, LOST 2, rolled back 2, final 465/467, last attempt ends 6.254 s, kill at 8.002 s
mongo-w1        rate=0.16  trial 3: acked in window 2/2, LOST 2, rolled back 2, final 465/467, last attempt ends 6.254 s, kill at 8.004 s
mongo-w1        rate=1.0   trial 1: acked in window 8/8, LOST 8, rolled back 8, final 459/467, last attempt ends 7.005 s, kill at 8.002 s
mongo-w1        rate=1.0   trial 2: acked in window 8/8, LOST 8, rolled back 8, final 459/467, last attempt ends 7.004 s, kill at 8.0 s
mongo-w1        rate=1.0   trial 3: acked in window 8/8, LOST 8, rolled back 8, final 459/467, last attempt ends 7.004 s, kill at 8.002 s
mongo-w1        rate=10.0  trial 1: acked in window 80/80, LOST 80, rolled back 80, final 387/467, last attempt ends 7.901 s, kill at 8.0 s
mongo-w1        rate=10.0  trial 2: acked in window 80/80, LOST 80, rolled back 80, final 387/467, last attempt ends 7.906 s, kill at 8.002 s
mongo-w1        rate=10.0  trial 3: acked in window 80/80, LOST 80, rolled back 80, final 387/467, last attempt ends 7.903 s, kill at 8.0 s
mongo-majority  rate=0.16  trial 1: acked in window 0/2, LOST 0, rolled back 2, final 467/467, last attempt ends 7.273 s, kill at 8.003 s
mongo-majority  rate=0.16  trial 2: acked in window 0/2, LOST 0, rolled back 2, final 467/467, last attempt ends 7.271 s, kill at 8.001 s
mongo-majority  rate=0.16  trial 3: acked in window 0/2, LOST 0, rolled back 2, final 467/467, last attempt ends 7.271 s, kill at 8.001 s
mongo-majority  rate=1.0   trial 1: acked in window 0/8, LOST 0, rolled back 8, final 467/467, last attempt ends 8.138 s, kill at 8.138 s
mongo-majority  rate=1.0   trial 2: acked in window 0/8, LOST 0, rolled back 8, final 467/467, last attempt ends 8.134 s, kill at 8.134 s
mongo-majority  rate=1.0   trial 3: acked in window 0/8, LOST 0, rolled back 8, final 467/467, last attempt ends 8.118 s, kill at 8.118 s
mongo-majority  rate=10.0  trial 1: acked in window 0/9, LOST 0, rolled back 9, final 467/467, last attempt ends 9.145 s, kill at 9.145 s
mongo-majority  rate=10.0  trial 2: acked in window 0/9, LOST 0, rolled back 9, final 467/467, last attempt ends 9.151 s, kill at 9.151 s
mongo-majority  rate=10.0  trial 3: acked in window 0/9, LOST 0, rolled back 9, final 467/467, last attempt ends 8.84 s, kill at 8.84 s
redis-async     rate=0.16  trial 1: acked in window 2/2, LOST 2, rolled back , final 465/467, last attempt ends 6.254 s, kill at 8.0 s
redis-async     rate=0.16  trial 2: acked in window 2/2, LOST 2, rolled back , final 465/467, last attempt ends 6.252 s, kill at 8.001 s
redis-async     rate=0.16  trial 3: acked in window 2/2, LOST 2, rolled back , final 465/467, last attempt ends 6.253 s, kill at 8.001 s
redis-async     rate=1.0   trial 1: acked in window 8/8, LOST 8, rolled back , final 459/467, last attempt ends 7.002 s, kill at 8.003 s
redis-async     rate=1.0   trial 2: acked in window 8/8, LOST 8, rolled back , final 459/467, last attempt ends 7.002 s, kill at 8.001 s
redis-async     rate=1.0   trial 3: acked in window 8/8, LOST 8, rolled back , final 459/467, last attempt ends 7.006 s, kill at 8.002 s
redis-async     rate=10.0  trial 1: acked in window 80/80, LOST 80, rolled back , final 387/467, last attempt ends 7.906 s, kill at 8.001 s
redis-async     rate=10.0  trial 2: acked in window 80/80, LOST 80, rolled back , final 387/467, last attempt ends 7.903 s, kill at 8.003 s
redis-async     rate=10.0  trial 3: acked in window 80/80, LOST 80, rolled back , final 387/467, last attempt ends 7.903 s, kill at 8.001 s
redis-wait      rate=0.16  trial 1: acked in window 0/2, LOST 0, rolled back , final 467/467, last attempt ends 7.349 s, kill at 8.002 s
redis-wait      rate=0.16  trial 2: acked in window 0/2, LOST 0, rolled back , final 467/467, last attempt ends 7.318 s, kill at 8.004 s
redis-wait      rate=0.16  trial 3: acked in window 0/2, LOST 0, rolled back , final 467/467, last attempt ends 7.345 s, kill at 8.001 s
redis-wait      rate=1.0   trial 1: acked in window 0/8, LOST 0, rolled back , final 467/467, last attempt ends 8.195 s, kill at 8.196 s
redis-wait      rate=1.0   trial 2: acked in window 0/8, LOST 0, rolled back , final 467/467, last attempt ends 8.254 s, kill at 8.254 s
redis-wait      rate=1.0   trial 3: acked in window 0/8, LOST 0, rolled back , final 467/467, last attempt ends 8.283 s, kill at 8.283 s
redis-wait      rate=10.0  trial 1: acked in window 0/9, LOST 0, rolled back , final 467/467, last attempt ends 9.356 s, kill at 9.356 s
redis-wait      rate=10.0  trial 2: acked in window 0/9, LOST 0, rolled back , final 467/467, last attempt ends 9.292 s, kill at 9.292 s
redis-wait      rate=10.0  trial 3: acked in window 0/9, LOST 0, rolled back , final 467/467, last attempt ends 9.298 s, kill at 9.298 s
