mongo-w1        rate=0.16  trial 1: acked in window 2/2, LOST 2, rolled back 2, final 465/467, election 1.2 s, unavailable 12.2 s
mongo-w1        rate=0.16  trial 2: acked in window 2/2, LOST 2, rolled back 2, final 465/467, election 2.3 s, unavailable 12.2 s
mongo-w1        rate=0.16  trial 3: acked in window 2/2, LOST 2, rolled back 2, final 465/467, election 1.2 s, unavailable 12.2 s
mongo-w1        rate=1.0   trial 1: acked in window 8/8, LOST 8, rolled back 8, final 459/467, election 2.3 s, unavailable 12.3 s
mongo-w1        rate=1.0   trial 2: acked in window 8/8, LOST 8, rolled back 8, final 459/467, election 1.2 s, unavailable 12.2 s
mongo-w1        rate=1.0   trial 3: acked in window 8/8, LOST 8, rolled back 8, final 459/467, election 2.3 s, unavailable 12.3 s
mongo-w1        rate=10.0  trial 1: acked in window 80/80, LOST 80, rolled back 80, final 387/467, election 2.5 s, unavailable 12.2 s
mongo-w1        rate=10.0  trial 2: acked in window 80/80, LOST 80, rolled back 80, final 387/467, election 2.3 s, unavailable 12.2 s
mongo-w1        rate=10.0  trial 3: acked in window 80/80, LOST 80, rolled back 80, final 387/467, election 1.2 s, unavailable 12.2 s
mongo-majority  rate=0.16  trial 1: acked in window 0/2, LOST 0, rolled back 2, final 467/467, election 3.5 s, unavailable 58.4 s
mongo-majority  rate=0.16  trial 2: acked in window 0/2, LOST 0, rolled back 2, final 467/467, election 2.5 s, unavailable 12.1 s
mongo-majority  rate=0.16  trial 3: acked in window 0/2, LOST 0, rolled back 2, final 467/467, election 2.3 s, unavailable 42.3 s
mongo-majority  rate=1.0   trial 1: acked in window 0/8, LOST 0, rolled back 8, final 467/467, election 2.5 s, unavailable 5.8 s
mongo-majority  rate=1.0   trial 2: acked in window 0/8, LOST 0, rolled back 8, final 467/467, election 2.3 s, unavailable 41.3 s
mongo-majority  rate=1.0   trial 3: acked in window 0/8, LOST 0, rolled back 8, final 467/467, election 2.3 s, unavailable 42.9 s
mongo-majority  rate=10.0  trial 1: acked in window 0/9, LOST 0, rolled back 9, final 467/467, election 1.2 s, unavailable 10.7 s
mongo-majority  rate=10.0  trial 2: acked in window 0/9, LOST 0, rolled back 9, final 467/467, election 2.3 s, unavailable 41.4 s
mongo-majority  rate=10.0  trial 3: acked in window 0/9, LOST 0, rolled back 9, final 467/467, election 1.2 s, unavailable 2.8 s
redis-async     rate=0.16  trial 1: acked in window 2/2, LOST 2, rolled back , final 465/467, election 0.2 s, unavailable 6.3 s
redis-async     rate=0.16  trial 2: acked in window 2/2, LOST 2, rolled back , final 465/467, election 0.2 s, unavailable 6.3 s
redis-async     rate=0.16  trial 3: acked in window 2/2, LOST 2, rolled back , final 465/467, election 0.2 s, unavailable 6.2 s
redis-async     rate=1.0   trial 1: acked in window 8/8, LOST 8, rolled back , final 459/467, election 0.2 s, unavailable 6.0 s
redis-async     rate=1.0   trial 2: acked in window 8/8, LOST 8, rolled back , final 459/467, election 0.2 s, unavailable 6.2 s
redis-async     rate=1.0   trial 3: acked in window 8/8, LOST 8, rolled back , final 459/467, election 0.1 s, unavailable 6.2 s
redis-async     rate=10.0  trial 1: acked in window 80/80, LOST 80, rolled back , final 387/467, election 0.1 s, unavailable 6.4 s
redis-async     rate=10.0  trial 2: acked in window 80/80, LOST 80, rolled back , final 387/467, election 0.1 s, unavailable 6.0 s
redis-async     rate=10.0  trial 3: acked in window 80/80, LOST 80, rolled back , final 387/467, election 0.1 s, unavailable 6.4 s
redis-wait      rate=0.16  trial 1: acked in window 0/2, LOST 0, rolled back , final 467/467, election 0.1 s, unavailable 6.2 s
redis-wait      rate=0.16  trial 2: acked in window 0/2, LOST 0, rolled back , final 467/467, election 0.1 s, unavailable 7.2 s
redis-wait      rate=0.16  trial 3: acked in window 0/2, LOST 0, rolled back , final 467/467, election 0.1 s, unavailable 6.2 s
redis-wait      rate=1.0   trial 1: acked in window 0/8, LOST 0, rolled back , final 467/467, election 0.2 s, unavailable 6.8 s
redis-wait      rate=1.0   trial 2: acked in window 0/8, LOST 0, rolled back , final 467/467, election 0.1 s, unavailable 5.8 s
redis-wait      rate=1.0   trial 3: acked in window 0/8, LOST 0, rolled back , final 467/467, election 0.1 s, unavailable 6.8 s
redis-wait      rate=10.0  trial 1: acked in window 0/9, LOST 0, rolled back , final 467/467, election 0.1 s, unavailable 6.0 s
redis-wait      rate=10.0  trial 2: acked in window 0/9, LOST 0, rolled back , final 467/467, election 0.1 s, unavailable 5.8 s
redis-wait      rate=10.0  trial 3: acked in window 0/9, LOST 0, rolled back , final 467/467, election 0.2 s, unavailable 7.0 s
